Warning: TTY mode is not supported on Windows platform.

  [37;41;1m FAIL [39;49;22m[39m Tests\Feature\AsaasWebhookTest[39m
  [31;1m⨯[39;22m[39m [2mwebhook confirms payment and activates tenant[22m[39m
  [31;1m⨯[39;22m[39m [2mwebhook fails with invalid token[22m[39m
  [31;1m⨯[39;22m[39m [2mwebhook ignores if tenant not found[22m[39m

  [2m---[22m

  [31;1m• Tests\Feature\AsaasWebhookTest [39;22m> [31;1mwebhook confirms payment and activates tenant[39;22m
  [41;1m Illuminate\Database\QueryException [49;22m

[39;1m  SQLSTATE[42S02]: Base table or view not found: 1146 Table 'finmanage_pro.migrations' doesn't exist (SQL: insert into `migrations` (`migration`, `batch`) values (2026_01_28_032405_create_system_settings_table, 1))[39;22m

  at [32mC:\xampp\htdocs\vivensi-laravel\vendor\laravel\framework\src\Illuminate\Database\Connection.php[39m:[32m760[39m
    756▕         // If an exception occurs when attempting to run a query, we'll format the error
    757▕         // message to include the bindings with SQL, which will make this exception a
    758▕         // lot more helpful to the developer instead of just the database's errors.
    759▕         catch (Exception $e) {
  ➜ 760▕             throw new QueryException(
    761▕                 $query, $this->prepareBindings($bindings), $e
    762▕             );
    763▕         }
    764▕     }

  [33m1   [39m[39;1mC:\xampp\htdocs\vivensi-laravel\vendor\laravel\framework\src\Illuminate\Database\Connection.php[39;22m:[39;1m539[39;22m
  [90m    PDOException::("SQLSTATE[42S02]: Base table or view not found: 1146 Table 'finmanage_pro.migrations' doesn't exist")[39m

  [33m2   [39m[39;1mC:\xampp\htdocs\vivensi-laravel\vendor\laravel\framework\src\Illuminate\Database\Connection.php[39;22m:[39;1m539[39;22m
  [90m    PDO::prepare("insert into `migrations` (`migration`, `batch`) values (?, ?)")[39m

  [31;1m• Tests\Feature\AsaasWebhookTest [39;22m> [31;1mwebhook fails with invalid token[39;22m
  [41;1m Illuminate\Database\QueryException [49;22m

[39;1m  SQLSTATE[HY000]: General error: 1005 Can't create table `finmanage_pro`.`volunteers` (errno: 150 "Foreign key constraint is incorrectly formed") (SQL: alter table `volunteers` add constraint `volunteers_tenant_id_foreign` foreign key (`tenant_id`) references `tenants` (`id`) on delete cascade)[39;22m

  at [32mC:\xampp\htdocs\vivensi-laravel\vendor\laravel\framework\src\Illuminate\Database\Connection.php[39m:[32m760[39m
    756▕         // If an exception occurs when attempting to run a query, we'll format the error
    757▕         // message to include the bindings with SQL, which will make this exception a
    758▕         // lot more helpful to the developer instead of just the database's errors.
    759▕         catch (Exception $e) {
  ➜ 760▕             throw new QueryException(
    761▕                 $query, $this->prepareBindings($bindings), $e
    762▕             );
    763▕         }
    764▕     }

  [33m1   [39m[39;1mC:\xampp\htdocs\vivensi-laravel\vendor\laravel\framework\src\Illuminate\Database\Connection.php[39;22m:[39;1m545[39;22m
  [90m    PDOException::("SQLSTATE[HY000]: General error: 1005 Can't create table `finmanage_pro`.`volunteers` (errno: 150 "Foreign key constraint is incorrectly formed")")[39m

  [33m2   [39m[39;1mC:\xampp\htdocs\vivensi-laravel\vendor\laravel\framework\src\Illuminate\Database\Connection.php[39;22m:[39;1m545[39;22m
  [90m    PDOStatement::execute()[39m

  [31;1m• Tests\Feature\AsaasWebhookTest [39;22m> [31;1mwebhook ignores if tenant not found[39;22m
  [41;1m Illuminate\Database\QueryException [49;22m

[39;1m  SQLSTATE[HY000]: General error: 1005 Can't create table `finmanage_pro`.`volunteers` (errno: 150 "Foreign key constraint is incorrectly formed") (SQL: alter table `volunteers` add constraint `volunteers_tenant_id_foreign` foreign key (`tenant_id`) references `tenants` (`id`) on delete cascade)[39;22m

  at [32mC:\xampp\htdocs\vivensi-laravel\vendor\laravel\framework\src\Illuminate\Database\Connection.php[39m:[32m760[39m
    756▕         // If an exception occurs when attempting to run a query, we'll format the error
    757▕         // message to include the bindings with SQL, which will make this exception a
    758▕         // lot more helpful to the developer instead of just the database's errors.
    759▕         catch (Exception $e) {
  ➜ 760▕             throw new QueryException(
    761▕                 $query, $this->prepareBindings($bindings), $e
    762▕             );
    763▕         }
    764▕     }

  [33m1   [39m[39;1mC:\xampp\htdocs\vivensi-laravel\vendor\laravel\framework\src\Illuminate\Database\Connection.php[39;22m:[39;1m545[39;22m
  [90m    PDOException::("SQLSTATE[HY000]: General error: 1005 Can't create table `finmanage_pro`.`volunteers` (errno: 150 "Foreign key constraint is incorrectly formed")")[39m

  [33m2   [39m[39;1mC:\xampp\htdocs\vivensi-laravel\vendor\laravel\framework\src\Illuminate\Database\Connection.php[39;22m:[39;1m545[39;22m
  [90m    PDOStatement::execute()[39m


  [37;1mTests:  [39;22m[31;1m3 failed[39;22m
  [37;1mTime:   [39;22m[39m98.53s[39m


